INFO:     Will watch for changes in these directories: ['F:\\Dr Transition']
INFO:     Uvicorn running on http://127.0.0.1:8000 (Press CTRL+C to quit)
INFO:     Started reloader process [38736] using WatchFiles
INFO:     Started server process [25712]
INFO:     Waiting for application startup.
2026-05-18 22:34:14,734 INFO [app.database] Database connection validated
INFO:     Application startup complete.
2026-05-18 22:34:25,670 INFO [watchfiles.main] 1 change detected
2026-05-18 22:34:26,024 INFO [watchfiles.main] 1 change detected
2026-05-18 22:34:26,378 INFO [watchfiles.main] 1 change detected
2026-05-18 22:34:26,783 INFO [watchfiles.main] 1 change detected
2026-05-18 22:34:27,137 INFO [watchfiles.main] 1 change detected
2026-05-18 22:34:27,541 INFO [watchfiles.main] 1 change detected
2026-05-18 22:34:27,944 INFO [watchfiles.main] 1 change detected
2026-05-18 22:34:28,355 INFO [watchfiles.main] 1 change detected
2026-05-18 22:34:28,768 INFO [watchfiles.main] 1 change detected
2026-05-18 22:34:29,122 INFO [watchfiles.main] 1 change detected
2026-05-18 22:34:29,525 INFO [watchfiles.main] 1 change detected
2026-05-18 22:34:29,933 INFO [watchfiles.main] 1 change detected
2026-05-18 22:34:30,306 INFO [watchfiles.main] 1 change detected
2026-05-18 22:34:30,710 INFO [watchfiles.main] 1 change detected
2026-05-18 22:34:31,115 INFO [watchfiles.main] 1 change detected
2026-05-18 22:34:31,471 INFO [watchfiles.main] 1 change detected
2026-05-18 22:34:31,889 INFO [watchfiles.main] 1 change detected
2026-05-18 22:34:32,305 INFO [watchfiles.main] 1 change detected
2026-05-18 22:34:32,666 INFO [watchfiles.main] 1 change detected
2026-05-18 22:34:33,071 INFO [watchfiles.main] 1 change detected
2026-05-18 22:34:33,474 INFO [watchfiles.main] 1 change detected
2026-05-18 22:34:33,888 INFO [watchfiles.main] 1 change detected
2026-05-18 22:34:34,301 INFO [watchfiles.main] 1 change detected
2026-05-18 22:34:34,706 INFO [watchfiles.main] 1 change detected
2026-05-18 22:34:35,060 INFO [watchfiles.main] 1 change detected
2026-05-18 22:34:35,462 INFO [watchfiles.main] 1 change detected
2026-05-18 22:34:35,876 INFO [watchfiles.main] 1 change detected
2026-05-18 22:34:36,280 INFO [watchfiles.main] 1 change detected
2026-05-18 22:34:36,639 INFO [watchfiles.main] 1 change detected
2026-05-18 22:34:37,045 INFO [watchfiles.main] 1 change detected
2026-05-18 22:34:37,458 INFO [watchfiles.main] 1 change detected
2026-05-18 22:34:37,863 INFO [watchfiles.main] 1 change detected
2026-05-18 22:34:38,266 INFO [watchfiles.main] 1 change detected
2026-05-18 22:34:38,620 INFO [watchfiles.main] 1 change detected
2026-05-18 22:34:39,024 INFO [watchfiles.main] 1 change detected
2026-05-18 22:34:39,379 INFO [watchfiles.main] 1 change detected
2026-05-18 22:34:39,791 INFO [watchfiles.main] 1 change detected
2026-05-18 22:34:40,199 INFO [watchfiles.main] 1 change detected
2026-05-18 22:34:40,605 INFO [watchfiles.main] 1 change detected
2026-05-18 22:34:40,959 INFO [watchfiles.main] 1 change detected
2026-05-18 22:34:41,364 INFO [watchfiles.main] 1 change detected
2026-05-18 22:34:41,718 INFO [watchfiles.main] 1 change detected
2026-05-18 22:34:42,122 INFO [watchfiles.main] 1 change detected
2026-05-18 22:34:42,528 INFO [watchfiles.main] 1 change detected
2026-05-18 22:34:42,932 INFO [watchfiles.main] 1 change detected
2026-05-18 22:34:43,290 INFO [watchfiles.main] 1 change detected
2026-05-18 22:34:43,695 INFO [watchfiles.main] 1 change detected
2026-05-18 22:34:44,105 INFO [watchfiles.main] 1 change detected
2026-05-18 22:34:44,470 INFO [watchfiles.main] 1 change detected
2026-05-18 22:34:44,876 INFO [watchfiles.main] 1 change detected
2026-05-18 22:34:45,292 INFO [watchfiles.main] 1 change detected
2026-05-18 22:34:45,701 INFO [watchfiles.main] 1 change detected
2026-05-18 22:34:46,069 INFO [watchfiles.main] 1 change detected
2026-05-18 22:34:46,476 INFO [watchfiles.main] 1 change detected
2026-05-18 22:34:46,881 INFO [watchfiles.main] 1 change detected
2026-05-18 22:34:47,285 INFO [watchfiles.main] 1 change detected
2026-05-18 22:34:47,643 INFO [watchfiles.main] 1 change detected
2026-05-18 22:34:48,047 INFO [watchfiles.main] 1 change detected
2026-05-18 22:34:48,400 INFO [watchfiles.main] 1 change detected
2026-05-18 22:34:48,806 INFO [watchfiles.main] 1 change detected
2026-05-18 22:34:49,211 INFO [watchfiles.main] 1 change detected
2026-05-18 22:34:49,615 INFO [watchfiles.main] 1 change detected
2026-05-18 22:34:49,969 INFO [watchfiles.main] 1 change detected
2026-05-18 22:34:50,379 INFO [watchfiles.main] 1 change detected
2026-05-18 22:34:50,785 INFO [watchfiles.main] 1 change detected
2026-05-18 22:34:51,190 INFO [watchfiles.main] 1 change detected
2026-05-18 22:34:51,601 INFO [watchfiles.main] 1 change detected
2026-05-18 22:34:52,006 INFO [watchfiles.main] 1 change detected
2026-05-18 22:34:52,367 INFO [watchfiles.main] 1 change detected
2026-05-18 22:34:52,773 INFO [watchfiles.main] 1 change detected
2026-05-18 22:34:53,188 INFO [watchfiles.main] 1 change detected
2026-05-18 22:34:53,552 INFO [watchfiles.main] 1 change detected
2026-05-18 22:34:53,958 INFO [watchfiles.main] 1 change detected
2026-05-18 22:34:54,371 INFO [watchfiles.main] 1 change detected
2026-05-18 22:34:54,778 INFO [watchfiles.main] 1 change detected
2026-05-18 22:34:55,195 INFO [watchfiles.main] 1 change detected
2026-05-18 22:34:55,557 INFO [watchfiles.main] 1 change detected
2026-05-18 22:34:55,967 INFO [watchfiles.main] 1 change detected
2026-05-18 22:34:56,385 INFO [watchfiles.main] 1 change detected
2026-05-18 22:34:56,793 INFO [watchfiles.main] 1 change detected
2026-05-18 22:34:57,201 INFO [watchfiles.main] 1 change detected
2026-05-18 22:34:57,610 INFO [watchfiles.main] 1 change detected
2026-05-18 22:34:57,964 INFO [watchfiles.main] 1 change detected
2026-05-18 22:34:58,370 INFO [watchfiles.main] 1 change detected
2026-05-18 22:34:58,776 INFO [watchfiles.main] 1 change detected
2026-05-18 22:34:59,136 INFO [watchfiles.main] 1 change detected
2026-05-18 22:34:59,544 INFO [watchfiles.main] 1 change detected
2026-05-18 22:34:59,950 INFO [watchfiles.main] 1 change detected
2026-05-18 22:35:00,369 INFO [watchfiles.main] 1 change detected
2026-05-18 22:35:00,729 INFO [watchfiles.main] 1 change detected
2026-05-18 22:35:01,136 INFO [watchfiles.main] 1 change detected
2026-05-18 22:35:01,540 INFO [watchfiles.main] 1 change detected
2026-05-18 22:35:01,900 INFO [watchfiles.main] 1 change detected
2026-05-18 22:35:02,304 INFO [watchfiles.main] 1 change detected
2026-05-18 22:35:02,709 INFO [watchfiles.main] 1 change detected
2026-05-18 22:35:03,075 INFO [watchfiles.main] 1 change detected
2026-05-18 22:35:03,482 INFO [watchfiles.main] 1 change detected
2026-05-18 22:35:03,889 INFO [watchfiles.main] 1 change detected
2026-05-18 22:35:04,299 INFO [watchfiles.main] 1 change detected
2026-05-18 22:35:04,705 INFO [watchfiles.main] 1 change detected
2026-05-18 22:35:05,111 INFO [watchfiles.main] 1 change detected
2026-05-18 22:35:05,474 INFO [watchfiles.main] 1 change detected
2026-05-18 22:35:05,886 INFO [watchfiles.main] 1 change detected
2026-05-18 22:35:06,290 INFO [watchfiles.main] 1 change detected
2026-05-18 22:35:06,650 INFO [watchfiles.main] 1 change detected
2026-05-18 22:35:07,063 INFO [watchfiles.main] 1 change detected
2026-05-18 22:35:07,474 INFO [watchfiles.main] 1 change detected
2026-05-18 22:35:07,829 INFO [watchfiles.main] 1 change detected
2026-05-18 22:35:08,245 INFO [watchfiles.main] 1 change detected
2026-05-18 22:35:08,651 INFO [watchfiles.main] 1 change detected
2026-05-18 22:35:09,055 INFO [watchfiles.main] 1 change detected
2026-05-18 22:35:09,460 INFO [watchfiles.main] 1 change detected
2026-05-18 22:35:09,813 INFO [watchfiles.main] 1 change detected
2026-05-18 22:35:10,216 INFO [watchfiles.main] 1 change detected
2026-05-18 22:35:10,571 INFO [watchfiles.main] 1 change detected
2026-05-18 22:35:10,987 INFO [watchfiles.main] 1 change detected
2026-05-18 22:35:11,394 INFO [watchfiles.main] 1 change detected
2026-05-18 22:35:11,753 INFO [watchfiles.main] 1 change detected
2026-05-18 22:35:12,173 INFO [watchfiles.main] 1 change detected
2026-05-18 22:35:12,578 INFO [watchfiles.main] 1 change detected
2026-05-18 22:35:12,982 INFO [watchfiles.main] 1 change detected
2026-05-18 22:35:13,338 INFO [watchfiles.main] 1 change detected
2026-05-18 22:35:13,749 INFO [watchfiles.main] 1 change detected
2026-05-18 22:35:14,169 INFO [watchfiles.main] 1 change detected
2026-05-18 22:35:14,586 INFO [watchfiles.main] 1 change detected
2026-05-18 22:35:14,954 INFO [watchfiles.main] 1 change detected
2026-05-18 22:35:15,374 INFO [watchfiles.main] 1 change detected
2026-05-18 22:35:15,779 INFO [watchfiles.main] 1 change detected
2026-05-18 22:35:16,198 INFO [watchfiles.main] 1 change detected
2026-05-18 22:35:16,566 INFO [watchfiles.main] 1 change detected
2026-05-18 22:35:16,984 INFO [watchfiles.main] 1 change detected
2026-05-18 22:35:17,394 INFO [watchfiles.main] 1 change detected
2026-05-18 22:35:17,799 INFO [watchfiles.main] 1 change detected
2026-05-18 22:35:18,212 INFO [watchfiles.main] 1 change detected
2026-05-18 22:35:18,567 INFO [watchfiles.main] 1 change detected
2026-05-18 22:35:18,974 INFO [watchfiles.main] 1 change detected
2026-05-18 22:35:19,329 INFO [watchfiles.main] 1 change detected
2026-05-18 22:35:19,736 INFO [watchfiles.main] 1 change detected
2026-05-18 22:35:20,140 INFO [watchfiles.main] 1 change detected
2026-05-18 22:35:20,496 INFO [watchfiles.main] 1 change detected
2026-05-18 22:35:20,916 INFO [watchfiles.main] 1 change detected
2026-05-18 22:35:21,321 INFO [watchfiles.main] 1 change detected
2026-05-18 22:35:21,727 INFO [watchfiles.main] 1 change detected
2026-05-18 22:35:22,096 INFO [watchfiles.main] 1 change detected
2026-05-18 22:35:22,503 INFO [watchfiles.main] 1 change detected
2026-05-18 22:35:22,912 INFO [watchfiles.main] 1 change detected
2026-05-18 22:35:23,315 INFO [watchfiles.main] 1 change detected
2026-05-18 22:35:23,680 INFO [watchfiles.main] 1 change detected
2026-05-18 22:35:24,086 INFO [watchfiles.main] 1 change detected
2026-05-18 22:35:24,489 INFO [watchfiles.main] 1 change detected
2026-05-18 22:35:24,892 INFO [watchfiles.main] 1 change detected
2026-05-18 22:35:25,297 INFO [watchfiles.main] 1 change detected
2026-05-18 22:35:25,654 INFO [watchfiles.main] 1 change detected
2026-05-18 22:35:26,057 INFO [watchfiles.main] 1 change detected
2026-05-18 22:35:26,460 INFO [watchfiles.main] 1 change detected
2026-05-18 22:35:26,873 INFO [watchfiles.main] 1 change detected
2026-05-18 22:35:27,226 INFO [watchfiles.main] 1 change detected
2026-05-18 22:35:27,633 INFO [watchfiles.main] 1 change detected
2026-05-18 22:35:28,038 INFO [watchfiles.main] 1 change detected
2026-05-18 22:35:28,400 INFO [watchfiles.main] 1 change detected
2026-05-18 22:35:28,810 INFO [watchfiles.main] 1 change detected
2026-05-18 22:35:29,223 INFO [watchfiles.main] 1 change detected
2026-05-18 22:35:29,590 INFO [watchfiles.main] 1 change detected
2026-05-18 22:35:29,995 INFO [watchfiles.main] 1 change detected
2026-05-18 22:35:30,405 INFO [watchfiles.main] 1 change detected
2026-05-18 22:35:30,811 INFO [watchfiles.main] 1 change detected
2026-05-18 22:35:31,217 INFO [watchfiles.main] 1 change detected
2026-05-18 22:35:31,623 INFO [watchfiles.main] 1 change detected
2026-05-18 22:35:31,979 INFO [watchfiles.main] 1 change detected
2026-05-18 22:35:32,386 INFO [watchfiles.main] 1 change detected
2026-05-18 22:35:32,790 INFO [watchfiles.main] 1 change detected
2026-05-18 22:35:33,210 INFO [watchfiles.main] 1 change detected
2026-05-18 22:35:33,616 INFO [watchfiles.main] 1 change detected
2026-05-18 22:35:33,984 INFO [watchfiles.main] 1 change detected
2026-05-18 22:35:34,402 INFO [watchfiles.main] 1 change detected
2026-05-18 22:35:34,805 INFO [watchfiles.main] 1 change detected
2026-05-18 22:35:35,160 INFO [watchfiles.main] 1 change detected
2026-05-18 22:35:35,564 INFO [watchfiles.main] 1 change detected
2026-05-18 22:35:35,971 INFO [watchfiles.main] 1 change detected
2026-05-18 22:35:36,336 INFO [watchfiles.main] 1 change detected
2026-05-18 22:35:36,692 INFO [watchfiles.main] 1 change detected
2026-05-18 22:35:37,102 INFO [watchfiles.main] 1 change detected
2026-05-18 22:35:37,516 INFO [watchfiles.main] 1 change detected
2026-05-18 22:35:37,875 INFO [watchfiles.main] 1 change detected
2026-05-18 22:35:38,281 INFO [watchfiles.main] 1 change detected
2026-05-18 22:35:38,685 INFO [watchfiles.main] 1 change detected
2026-05-18 22:35:39,038 INFO [watchfiles.main] 1 change detected
2026-05-18 22:35:39,441 INFO [watchfiles.main] 1 change detected
2026-05-18 22:35:39,847 INFO [watchfiles.main] 1 change detected
2026-05-18 22:35:40,251 INFO [watchfiles.main] 1 change detected
2026-05-18 22:35:40,656 INFO [watchfiles.main] 1 change detected
2026-05-18 22:35:41,062 INFO [watchfiles.main] 1 change detected
2026-05-18 22:35:41,419 INFO [watchfiles.main] 1 change detected
2026-05-18 22:35:41,824 INFO [watchfiles.main] 1 change detected
2026-05-18 22:35:42,184 INFO [watchfiles.main] 1 change detected
2026-05-18 22:35:42,590 INFO [watchfiles.main] 1 change detected
2026-05-18 22:35:42,996 INFO [watchfiles.main] 1 change detected
2026-05-18 22:35:43,361 INFO [watchfiles.main] 1 change detected
2026-05-18 22:35:43,765 INFO [watchfiles.main] 1 change detected
2026-05-18 22:35:44,183 INFO [watchfiles.main] 1 change detected
2026-05-18 22:35:44,594 INFO [watchfiles.main] 1 change detected
2026-05-18 22:35:44,949 INFO [watchfiles.main] 1 change detected
2026-05-18 22:35:45,353 INFO [watchfiles.main] 1 change detected
2026-05-18 22:35:45,718 INFO [watchfiles.main] 1 change detected
2026-05-18 22:35:46,123 INFO [watchfiles.main] 1 change detected
2026-05-18 22:35:46,476 INFO [watchfiles.main] 1 change detected
2026-05-18 22:35:46,881 INFO [watchfiles.main] 1 change detected
2026-05-18 22:35:47,286 INFO [watchfiles.main] 1 change detected
2026-05-18 22:35:47,691 INFO [watchfiles.main] 1 change detected
2026-05-18 22:35:48,048 INFO [watchfiles.main] 1 change detected
2026-05-18 22:35:48,467 INFO [watchfiles.main] 1 change detected
2026-05-18 22:35:48,873 INFO [watchfiles.main] 1 change detected
2026-05-18 22:35:49,281 INFO [watchfiles.main] 1 change detected
2026-05-18 22:35:49,689 INFO [watchfiles.main] 1 change detected
2026-05-18 22:35:50,095 INFO [watchfiles.main] 1 change detected
2026-05-18 22:35:50,448 INFO [watchfiles.main] 1 change detected
2026-05-18 22:35:50,851 INFO [watchfiles.main] 1 change detected
2026-05-18 22:35:51,263 INFO [watchfiles.main] 1 change detected
2026-05-18 22:35:51,667 INFO [watchfiles.main] 1 change detected
2026-05-18 22:35:52,021 INFO [watchfiles.main] 1 change detected
2026-05-18 22:35:52,427 INFO [watchfiles.main] 1 change detected
2026-05-18 22:35:52,788 INFO [watchfiles.main] 1 change detected
2026-05-18 22:35:53,244 INFO [watchfiles.main] 1 change detected
2026-05-18 22:35:53,602 INFO [watchfiles.main] 1 change detected
2026-05-18 22:35:54,005 INFO [watchfiles.main] 1 change detected
2026-05-18 22:35:54,365 INFO [watchfiles.main] 1 change detected
2026-05-18 22:35:54,769 INFO [watchfiles.main] 1 change detected
2026-05-18 22:35:55,176 INFO [watchfiles.main] 1 change detected
2026-05-18 22:35:55,533 INFO [watchfiles.main] 1 change detected
